// Jest Snapshot v1, https://goo.gl/fbAQLP

exports[`should render AddExpense correctly 1`] = `
<React.Fragment>
  <h1>
    Add Expense
  </h1>
  <ExpenseForm
    onSubmit={[Function]}
  />
</React.Fragment>
`;
