// Jest Snapshot v1, https://goo.gl/fbAQLP

exports[`Should render ExpensesSummary correctly 1`] = `
<div>
  <p>
    Viewing 
    2
     expenses totaling 
    $23,123.12
  </p>
</div>
`;
