// Jest Snapshot v1, https://goo.gl/fbAQLP

exports[`should render Login page properly 1`] = `
<p>
  <button
    onClick={[Function]}
  >
    Login
  </button>
</p>
`;
