// Jest Snapshot v1, https://goo.gl/fbAQLP

exports[`should render NotFound page properly 1`] = `
<p>
  404 - 
  <Link
    replace={false}
    to="/"
  >
    Go home
  </Link>
</p>
`;
